../Core/Src/main.c:108:6:A4988_Initialize	1
../Core/Src/main.c:115:6:A4988_STEP	4
../Core/Src/main.c:136:6:A4988_MSCHANGE	1
../Core/Src/main.c:143:6:HAL_TIM_PeriodElapsedCallback	13
../Core/Src/main.c:205:6:HAL_UART_RxCpltCallback	5
../Core/Src/main.c:235:6:HAL_UART_ErrorCallback	1
../Core/Src/main.c:242:5:_write	1
../Core/Src/main.c:253:5:main	2
../Core/Src/main.c:325:6:SystemClock_Config	3
../Core/Src/main.c:372:13:MX_I2C1_Init	4
../Core/Src/main.c:420:13:MX_TIM4_Init	4
../Core/Src/main.c:465:13:MX_TIM6_Init	3
../Core/Src/main.c:503:13:MX_TIM7_Init	3
../Core/Src/main.c:542:13:MX_USART1_UART_Init	5
../Core/Src/main.c:590:13:MX_USART2_UART_Init	5
../Core/Src/main.c:638:13:MX_GPIO_Init	1
../Core/Src/main.c:680:6:Error_Handler	1
