../Core/Src/BNO055.c:13:13:I2cInitialize	4	static
../Core/Src/BNO055.c:19:13:I2cWriteByte	32	static
../Core/Src/BNO055.c:24:16:I2cReadByte	40	static
../Core/Src/BNO055.c:31:13:I2cReadBytes	32	static
../Core/Src/BNO055.c:36:13:DelayMs	16	static
../Core/Src/BNO055.c:41:6:BNO055_Initialize_Fusion	16	static
../Core/Src/BNO055.c:82:6:BNO055_Initialize_Raw	8	static
../Core/Src/BNO055.c:101:6:BNO055_SetUnit	16	static
../Core/Src/BNO055.c:106:6:BNO055_ReadAcc	40	static
../Core/Src/BNO055.c:126:6:BNO055_ReadLinAcc	40	static
../Core/Src/BNO055.c:146:6:BNO055_ReadGrvAcc	40	static
../Core/Src/BNO055.c:166:6:BNO055_ReadMag	40	static
../Core/Src/BNO055.c:180:6:BNO055_ReadGyr	40	static
../Core/Src/BNO055.c:203:6:BNO055_ReadAMG	48	static
../Core/Src/BNO055.c:246:6:BNO055_ReadEul	40	static
../Core/Src/BNO055.c:266:6:BNO055_ReadQua	40	static
